
> client@0.1.0 test
> react-scripts test --testPathPattern=ImageElement --no-coverage --watchAll=false

PASS src/components/Canvas/Components/Elements/__tests__/ImageElement.test.jsx
  √ no label bar when label is not set (110 ms)
  √ shows label text when element.label is set (36 ms)
  √ shows input when isEditingLabel is true (35 ms)
  √ calls onUpdate with trimmed label on blur (27 ms)
  √ calls onUpdate with undefined when label is cleared (15 ms)

Test Suites: 1 passed, 1 total
Tests:       5 passed, 5 total
Snapshots:   0 total
Time:        11.089 s, estimated 15 s
Ran all test suites matching /ImageElement/i.
